[codingallstars.com/index.html]
[backblue.gif]
[fade.gif]
[index.html]
[codingallstars.com/feed/index.html]
[codingallstars.com/comments/feed/index.html]
[codingallstars.com/wp-json/wp/v2/pages/25899.json]
[codingallstars.com/wp-json/index.html]
[codingallstars.com/xmlrpc0db0.php]
[codingallstars.com/wp-includes/wlwmanifest.xml]
[codingallstars.com/wp-json/oembed/1.0/embed7769.json]
[codingallstars.com/wp-json/oembed/1.0/embede503]
[codingallstars.com/wp-content/uploads/2023/01/cropped-113773_tags_512x512-32x32.png]
[codingallstars.com/wp-content/uploads/2023/01/cropped-113773_tags_512x512-192x192.png]
[codingallstars.com/wp-content/uploads/2023/01/cropped-113773_tags_512x512-180x180.png]
[codingallstars.com/we-are-hiring/index.html]
[codingallstars.com/meet-our-leadership/index.html]
[codingallstars.com/contact/index.html]
[codingallstars.com/apply-to-junior-magento-developer-position/index.html]
[codingallstars.com/apply-to-junior-php-developer-position/index.html]
[codingallstars.com/about-2/index.html]
[codingallstars.com/apply-to-virtual-assistant-position/index.html]
[www.google.com/recaptcha/api7142.js]
[codingallstars.com/index.html]
[codingallstars.com/wp-content/plugins/w3-total-cache/pub/js/lazyload.min.js]
[codingallstars.com/wp-content/themes/astra/assets/css/minified/main.min7e2e.css]
[codingallstars.com/wp-includes/css/dist/block-library/style.min6a4d.css]
[codingallstars.com/wp-content/plugins/wpforms-lite/assets/css/wpforms-base.mine945.css]
[codingallstars.com/wp-content/plugins/contact-form-7/includes/css/stylesd96d.css]
[codingallstars.com/wp-content/themes/astra/assets/css/minified/compatibility/contact-form-7-main.min7e2e.css]
[codingallstars.com/wp-content/plugins/elementor/assets/lib/eicons/fonts/eicons5519.eot]
[codingallstars.com/wp-content/plugins/elementor/assets/lib/eicons/fonts/eicons5519.woff2]
[codingallstars.com/wp-content/plugins/elementor/assets/lib/eicons/fonts/eicons5519.woff]
[codingallstars.com/wp-content/plugins/elementor/assets/lib/eicons/fonts/eicons5519.ttf]
[codingallstars.com/wp-content/plugins/elementor/assets/lib/eicons/css/elementor-icons.min7816.css]
[codingallstars.com/wp-content/plugins/elementor/assets/css/frontend-lite.min3ab2.css]
[codingallstars.com/wp-content/uploads/elementor/css/post-7420a.css]
[codingallstars.com/wp-content/uploads/2021/05/hero-bg.jpg]
[codingallstars.com/wp-content/uploads/elementor/css/post-258991ef2.css]
[codingallstars.com/wp-content/themes/astra-child/style8a54.css]
[codingallstars.com/wp-content/plugins/elementor/assets/lib/font-awesome/css/fontawesome.min52d5.css]
[codingallstars.com/wp-content/plugins/elementor/assets/lib/font-awesome/webfonts/fa-solid-900.eot]
[codingallstars.com/wp-content/plugins/elementor/assets/lib/font-awesome/webfonts/fa-solid-900d41d.eot]
[codingallstars.com/wp-content/plugins/elementor/assets/lib/font-awesome/webfonts/fa-solid-900.woff2]
[codingallstars.com/wp-content/plugins/elementor/assets/lib/font-awesome/webfonts/fa-solid-900.woff]
[codingallstars.com/wp-content/plugins/elementor/assets/lib/font-awesome/webfonts/fa-solid-900.ttf]
[codingallstars.com/wp-content/plugins/elementor/assets/lib/font-awesome/css/solid.min52d5.css]
[codingallstars.com/wp-includes/js/jquery/jquery.mina7a0.js]
[codingallstars.com/wp-includes/js/jquery/jquery-migrate.mind617.js]
[codingallstars.com/wp-json/wp/v2/pages/25934.json]
[codingallstars.com/wp-json/oembed/1.0/embed5e31.json]
[codingallstars.com/wp-json/oembed/1.0/embed2240]
[codingallstars.com/we-are-hiring/index.html]
[codingallstars.com/wp-json/wp/v2/pages/114.json]
[codingallstars.com/wp-json/oembed/1.0/embed2ab7.json]
[codingallstars.com/wp-json/oembed/1.0/embede1ae]
[www.google.com/recaptcha/api3ec2.js]
[codingallstars.com/contact/index.html]
[codingallstars.com/wp-json/wp/v2/pages/26123.json]
[codingallstars.com/wp-json/oembed/1.0/embedc69c.json]
[codingallstars.com/wp-json/oembed/1.0/embed15bf]
[codingallstars.com/meet-our-leadership/index.html]
[codingallstars.com/wp-content/plugins/elementor/assets/css/widget-icon-list.min.css]
[codingallstars.com/wp-json/wp/v2/pages/26053.json]
[codingallstars.com/wp-json/oembed/1.0/embed3680.json]
[codingallstars.com/wp-json/oembed/1.0/embed761b]
[codingallstars.com/apply-to-junior-magento-developer-position/index.html]
[codingallstars.com/wp-json/wp/v2/pages/113.json]
[codingallstars.com/wp-json/oembed/1.0/embed6084.json]
[codingallstars.com/wp-json/oembed/1.0/embed58ce]
[codingallstars.com/about-2/index.html]
[codingallstars.com/wp-json/wp/v2/pages/26018.json]
[codingallstars.com/wp-json/oembed/1.0/embed94d7.json]
[codingallstars.com/wp-json/oembed/1.0/embed7860]
[codingallstars.com/apply-to-junior-php-developer-position/index.html]
[codingallstars.com/wp-json/wp/v2/pages/26044.json]
[codingallstars.com/wp-json/oembed/1.0/embedde64.json]
[codingallstars.com/wp-json/oembed/1.0/embed1258]
[codingallstars.com/apply-to-virtual-assistant-position/index.html]
[codingallstars.com/wp-content/themes/astra/assets/js/minified/frontend.min7e2e.js]
[codingallstars.com/wp-includes/js/dist/vendor/regenerator-runtime.min3937.js]
[codingallstars.com/wp-includes/js/dist/vendor/wp-polyfill.min2c7c.js]
[codingallstars.com/e]
[codingallstars.com/wp-content/plugins/contact-form-7/includes/js/indexd96d.js]
[codingallstars.com/wp-content/plugins/contact-form-7/modules/recaptcha/indexd96d.js]
[codingallstars.com/wp-content/plugins/elementor/assets/js/webpack.runtime.min3ab2.js]
[codingallstars.com/wp-content/plugins/elementor/assets/js/frontend-modules.min3ab2.js]
[codingallstars.com/wp-content/plugins/elementor/assets/lib/waypoints/waypoints.min05da.js]
[codingallstars.com/wp-includes/js/jquery/ui/core.min3f14.js]
[codingallstars.com/-negative.svg]
[codingallstars.com/wp-content/plugins/elementor/assets/js/frontend.min3ab2.js]
[codingallstars.com/wp-includes/js/underscore.mind584.js]
[codingallstars.com/wp-includes/js/wp-util.min6a4d.js]
[codingallstars.com/wp-content/plugins/wpforms-lite/assets/js/integrations/elementor/frontend.mine945.js]
[codingallstars.com/wp-content/plugins/wpforms-lite/assets/images/times-solid-white.svg]
[codingallstars.com/wp-content/plugins/elementor/assets/lib/eicons/fonts/eicons5519.svg]
[codingallstars.com/wp-content/plugins/elementor/assets/lib/font-awesome/webfonts/fa-solid-900.svg]
[codingallstars.com/wp-content/uploads/elementor/css/post-25934f41e.css]
[codingallstars.com/index34ac.html]
[codingallstars.com/wp-content/uploads/elementor/css/post-114d63a.css]
[codingallstars.com/index30a5.html]
[codingallstars.com/wp-content/plugins/wpforms-lite/assets/js/jquery.validate.min6134.js]
[codingallstars.com/OPR/index.html]
[codingallstars.com/contact/optusnet.com.78.delayed]
[codingallstars.com/contact/com.au]
[codingallstars.com/contact/net.au]
[codingallstars.com/wp-content/plugins/wpforms-lite/assets/js/mailcheck.mincfa9.js]
[codingallstars.com/wp-content/plugins/wpforms-lite/assets/js/punycode.min8a54.js]
[codingallstars.com/wp-content/plugins/wpforms-lite/assets/js/wpforms.mine945.js]
[codingallstars.com/wp-content/uploads/elementor/css/post-261233aed.css]
[codingallstars.com/index0c78.html]
[codingallstars.com/wp-content/uploads/elementor/css/post-2605360a9.css]
[codingallstars.com/index6091.html]
[codingallstars.com/wp-content/uploads/elementor/css/post-113317c.css]
[codingallstars.com/index3961.html]
[codingallstars.com/wp-content/uploads/elementor/css/post-26018e496.css]
[codingallstars.com/index19c7.html]
[codingallstars.com/wp-content/uploads/elementor/css/post-26044950d.css]
[codingallstars.com/index8035.html]
[codingallstars.com/e.html]
[codingallstars.com/-negative.html]
[codingallstars.com/OPR/index.html]
[codingallstars.com/contact/optusnet.com.html]
[codingallstars.com/contact/com.html]
[codingallstars.com/contact/net.html]
